// Jest Snapshot v1, https://goo.gl/fbAQLP

exports[`Main Should be render the heading 1`] = `
<main>
  <h1>
    boilerplate
  </h1>
</main>
`
